13_default route (null route)

router0

Router>en
Router#conf t
Enter configuration commands, one per line.  End with CNTL/Z.
Router(config)#interface fa0/0
Router(config-if)#ip address 192.168.0.3 255.255.255.0
Router(config-if)#no sh

Router(config-if)#
%LINK-5-CHANGED: Interface FastEthernet0/0, changed state to up

%LINEPROTO-5-UPDOWN: Line protocol on Interface FastEthernet0/0, changed state to up

Router(config-if)#exit
Router(config)#interface fa 0/1
Router(config-if)#ip address 192.168.3.1 255.255.255.0
Router(config-if)#no sh

Router(config-if)#
%LINK-5-CHANGED: Interface FastEthernet0/1, changed state to up

Router(config-if)#exit
Router(config)#
Router(config)#ip route 0.0.0.0 0.0.0.0 192.168.3.2
Router(config)#exit
Router#wr


server0

















router1

Router>en
Router#conf t
Enter configuration commands, one per line.  End with CNTL/Z.
Router(config)#interface fa0/1
Router(config-if)#ip address 192.168.1.3 255.255.255.0
Router(config-if)#no sh

Router(config-if)#
%LINK-5-CHANGED: Interface FastEthernet0/1, changed state to up

%LINEPROTO-5-UPDOWN: Line protocol on Interface FastEthernet0/1, changed state to up

Router(config-if)#exit
Router(config)#interface fa0/0
Router(config-if)#no sh

Router(config-if)#
%LINK-5-CHANGED: Interface FastEthernet0/0, changed state to up

%LINEPROTO-5-UPDOWN: Line protocol on Interface FastEthernet0/0, changed state to up

Router(config-if)#ip address 192.168.3.2
% Incomplete command.
Router(config-if)#exit
Router(config)#
Router(config)#ip route 0.0.0.0 0.0.0.0 192.168.3.2
Router(config)#exit
Router#wr







