20 - Setting Router-ID in OSPF
****Router1****

Router>en
Router#conf
Configuring from terminal, memory, or network [terminal]? 
Enter configuration commands, one per line.  End with CNTL/Z.
Router(config)#int fa0/0
Router(config-if)#ip addr 192.168.101.1 255.255.255.0
Router(config-if)#no shutdown

Router(config-if)#
%LINK-5-CHANGED: Interface FastEthernet0/0, changed state to up

%LINEPROTO-5-UPDOWN: Line protocol on Interface FastEthernet0/0, changed state to up

Router(config-if)#exit
Router(config)#int fa0/1
Router(config-if)#ip addr 192.168.1.1 255.255.255.0
Router(config-if)#no shutdown

Router(config-if)#
%LINK-5-CHANGED: Interface FastEthernet0/1, changed state to up

Router(config-if)#exit
Router(config)#
%LINEPROTO-5-UPDOWN: Line protocol on Interface FastEthernet0/1, changed state to up

Router(config)#router ospf 1
Router(config-router)#network 192.168.101.0 0.0.0.255 area 0
Router(config-router)#network 192.168.1.0 0.0.0.255 area 0
Router(config-router)#exit
Router(config)#
Router(config)#
Router#
%SYS-5-CONFIG_I: Configured from console by console

****Router2****

Router>enable
Router#
Router#configure terminal
Enter configuration commands, one per line.  End with CNTL/Z.
Router(config)#interface FastEthernet0/1
Router(config-if)#int fa0/1
Router(config-if)#ip addr 192.168.100.1 255.255.255.0
Router(config-if)#no shutdown

Router(config-if)#
%LINK-5-CHANGED: Interface FastEthernet0/1, changed state to up

%LINEPROTO-5-UPDOWN: Line protocol on Interface FastEthernet0/1, changed state to up

Router(config-if)#exit
Router(config)#int fa0/1
Router(config-if)#exit
Router(config)#int fa0/0
Router(config-if)#ip addr 192.168.1.2 255.255.255.0
Router(config-if)#no shutdown

Router(config-if)#
%LINK-5-CHANGED: Interface FastEthernet0/0, changed state to up

%LINEPROTO-5-UPDOWN: Line protocol on Interface FastEthernet0/0, changed state to up

Router(config-if)#
Router(config-if)#exit
Router(config)#router ospf 1
Router(config-router)#network 192.168.100.0 0.0.0.255
% Incomplete command.
Router(config-router)#network 192.168.100.0 0.0.0.255 area 0
Router(config-router)#network 192.168.1.0 0.0.0.255 area 0
Router(config-router)#exit
Router(config)#
00:29:48: %OSPF-5-ADJCHG: Process 1, Nbr 192.168.101.1 on FastEthernet0/0 from LOADING to FULL, Loading Done

****Setting Router-ID in OSPF****
****Route1****

Router>en
Router#conf
Configuring from terminal, memory, or network [terminal]? 
Enter configuration commands, one per line.  End with CNTL/Z.
Router(config)#show ip route
                ^
% Invalid input detected at '^' marker.
	
Router(config)#exit
Router#show ip route
Codes: L - local, C - connected, S - static, R - RIP, M - mobile, B - BGP
       D - EIGRP, EX - EIGRP external, O - OSPF, IA - OSPF inter area
       N1 - OSPF NSSA external type 1, N2 - OSPF NSSA external type 2
       E1 - OSPF external type 1, E2 - OSPF external type 2, E - EGP
       i - IS-IS, L1 - IS-IS level-1, L2 - IS-IS level-2, ia - IS-IS inter area
       * - candidate default, U - per-user static route, o - ODR
       P - periodic downloaded static route

Gateway of last resort is not set

     192.168.1.0/24 is variably subnetted, 2 subnets, 2 masks
C       192.168.1.0/24 is directly connected, FastEthernet0/1
L       192.168.1.1/32 is directly connected, FastEthernet0/1
O    192.168.100.0/24 [110/2] via 192.168.1.2, 00:00:39, FastEthernet0/1
     192.168.101.0/24 is variably subnetted, 2 subnets, 2 masks
C       192.168.101.0/24 is directly connected, FastEthernet0/0
L       192.168.101.1/32 is directly connected, FastEthernet0/0

Router#sh ip ospf neighbor


Neighbor ID     Pri   State           Dead Time   Address         Interface
192.168.100.1     1   FULL/BDR        00:00:30    192.168.1.2     FastEthernet0/1
Router#conf t
Enter configuration commands, one per line.  End with CNTL/Z.
Router(config)#router ospf 1
Router(config-router)#router-id 1.1.1.1
Router(config-router)#exit
Router(config)#end
Router#sh ip ospf neighbor


Neighbor ID     Pri   State           Dead Time   Address         Interface
192.168.100.1     1   FULL/BDR        00:00:30    192.168.1.2     FastEthernet0/1
Router#
Router#clear ip ospf process
Reset ALL OSPF processes? [no]: y

Router#sh ip ospf neighbor

Router#sh ip ospf neighbor

Router#
Router#sh ip ospf neighbor

Router#
%SYS-5-CONFIG_I: Configured from console by console
Reload or use "clear ip ospf process" command, for this to take effect


%SYS-5-CONFIG_I: Configured from console by console

00:01:29: %OSPF-5-ADJCHG: Process 1, Nbr 192.168.100.1 on FastEthernet0/1 from FULL to DOWN, Neighbor Down: Adjacency forced to reset

00:01:29: %OSPF-5-ADJCHG: Process 1, Nbr 192.168.100.1 on FastEthernet0/1 from FULL to DOWN, Neighbor Down: Interface down or detached

00:01:40: %OSPF-5-ADJCHG: Process 1, Nbr 2.2.2.2 on FastEthernet0/1 from LOADING to FULL, Loading Done

Router#sh ip ospf neighbor


Neighbor ID     Pri   State           Dead Time   Address         Interface
2.2.2.2           1   FULL/DR         00:00:35    192.168.1.2     FastEthernet0/1
Router#

****Router2****
Router>en
Router#sh ip ospf neighbor


Neighbor ID     Pri   State           Dead Time   Address         Interface
192.168.101.1     1   FULL/DR         00:00:30    192.168.1.1     FastEthernet0/0
Router#conf t
Enter configuration commands, one per line.  End with CNTL/Z.
Router(config)#router ospf 1
Router(config-router)#router-id 2.2.2.2
Router(config-router)#exit
Router(config)#end
Router#sh ip ospf neighbor


Neighbor ID     Pri   State           Dead Time   Address         Interface
192.168.101.1     1   FULL/DR         00:00:30    192.168.1.1     FastEthernet0/0
Router#clear ip ospf process
Reset ALL OSPF processes? [no]: y

Router#sh ip ospf neighbor

Router#Reload or use "clear ip ospf process" command, for this to take effect


%SYS-5-CONFIG_I: Configured from console by console

00:01:29: %OSPF-5-ADJCHG: Process 1, Nbr 192.168.101.1 on FastEthernet0/0 from FULL to DOWN, Neighbor Down: Adjacency forced to reset

00:01:29: %OSPF-5-ADJCHG: Process 1, Nbr 192.168.101.1 on FastEthernet0/0 from FULL to DOWN, Neighbor Down: Interface down or detached

00:01:40: %OSPF-5-ADJCHG: Process 1, Nbr 1.1.1.1 on FastEthernet0/0 from LOADING to FULL, Loading Done

Router#sh ip ospf neighbor


Neighbor ID     Pri   State           Dead Time   Address         Interface
1.1.1.1           1   FULL/BDR        00:00:34    192.168.1.1     FastEthernet0/0
Router#



























